[www.hoeve-oswald.be/nl.html]
[backblue.gif]
[fade.gif]
[index.html]
[www.hoeve-oswald.be/sites/all/themes/anchor/favicon.ico]
[www.hoeve-oswald.be/sites/default/files/css/css_xE-rWrJf-fncB6ztZfd2huxqgxu4WO-qwma6Xer30m4.css]
[www.hoeve-oswald.be/sites/default/files/css/css_r4wXKCmqPtpFIxaqkw2UcMelN9k1-o5Pj4JlNzv6Ugc.css]
[www.hoeve-oswald.be/sites/default/files/css/css_P_-Uf-MnC4UN1jN6xiTU4rOpFhdaKH90EEwW1Ej72WE.css]
[www.hoeve-oswald.be/sites/default/files/css/css_mkSoyijoT-KdszRWExQI9X7CqmX8_Fujw5s7pzuNciA.css]
[www.hoeve-oswald.be/sites/default/files/js/js_mOx0WHl6cNZI0fqrVldT0Ay6Zv7VRFDm9LexZoNN_NI.js]
[www.hoeve-oswald.be/sites/default/files/js/js_uo6tC2eT96vtrr3am7cfMolhvnkfRp4ZMIUvQHN4k4g.js]
[www.hoeve-oswald.be/sites/default/files/js/js_3mV08QUqeyR-nk1LQE-mCBwpcoVvQfua2CBesh38Zs0.js]
[www.google-analytics.com/analytics.js]
[www.hoeve-oswald.be/sites/default/files/js/js_e89C_7l26vs9KazKSGfvaxt74CVPMQTyLZuutClIQEg.js]
[www.hoeve-oswald.be/sites/default/files/js/js_2to5xFduG3Mpqecrtw9JZ8VkNdHonuEJUVW6NuDv-H0.js]
[www.hoeve-oswald.be/nl/verblijf.html]
[www.hoeve-oswald.be/nl/activiteiten.html]
[www.hoeve-oswald.be/nl/diensten.html]
[www.hoeve-oswald.be/nl/reserveren.html]
[www.hoeve-oswald.be/nl/contact.html]
[www.hoeve-oswald.be/sites/default/files/images/home.jpg]
[www.hoeve-oswald.be/sites/default/files/js/js__oLvKY2ezPkaoDDfghGVOQdHk5kdeJzAnEzRQAJNLwc.js]
[www.hoeve-oswald.be/nl.html]
[www.hoeve-oswald.be/sites/default/files/css/css_xE-rWrJf-fncB6ztZfd2huxqgxu4WO-qwma6Xer30m4.css]
[www.hoeve-oswald.be/sites/all/modules/availability_calendars/icon-error.png]
[www.hoeve-oswald.be/sites/default/files/css/css_r4wXKCmqPtpFIxaqkw2UcMelN9k1-o5Pj4JlNzv6Ugc.css]
[www.hoeve-oswald.be/sites/all/modules/colorbox/styles/default/images/controls.png]
[www.hoeve-oswald.be/sites/all/modules/colorbox/styles/default/images/loading_animation.gif]
[www.hoeve-oswald.be/sites/all/modules/ctools/images/status-active.gif]
[www.hoeve-oswald.be/sites/default/files/css/css_P_-Uf-MnC4UN1jN6xiTU4rOpFhdaKH90EEwW1Ej72WE.css]
[www.hoeve-oswald.be/sites/all/themes/anchor/font/fontawesome-webfontf77b.eot]
[www.hoeve-oswald.be/sites/all/themes/anchor/font/fontawesome-webfontd41d.eot]
[www.hoeve-oswald.be/sites/all/themes/anchor/font/fontawesome-webfontf77b.woff]
[www.hoeve-oswald.be/sites/all/themes/anchor/font/fontawesome-webfontf77b.ttf]
[www.hoeve-oswald.be/sites/all/themes/anchor/font/flexslider-icon.eot]
[www.hoeve-oswald.be/sites/all/themes/anchor/font/flexslider-icond41d.eot]
[www.hoeve-oswald.be/sites/all/themes/anchor/font/flexslider-icon.woff]
[www.hoeve-oswald.be/sites/all/themes/anchor/font/flexslider-icon.ttf]
[www.hoeve-oswald.be/sites/all/themes/anchor/rgbab805.png]
[www.hoeve-oswald.be/sites/all/themes/anchor/rgbadea5.png]
[www.hoeve-oswald.be/sites/all/themes/anchor/rgbace95.png]
[www.hoeve-oswald.be/sites/all/themes/anchor/rgba399e.png]
[www.hoeve-oswald.be/sites/all/themes/anchor/rgba53f6.png]
[www.hoeve-oswald.be/sites/all/themes/anchor/rgbae0e3.png]
[www.hoeve-oswald.be/sites/all/themes/anchor/rgba22f8.png]
[www.hoeve-oswald.be/sites/all/themes/anchor/img/home.jpg]
[www.hoeve-oswald.be/sites/all/themes/anchor/rgba3399.png]
[www.hoeve-oswald.be/sites/all/themes/anchor/img/portfolio.png]
[www.hoeve-oswald.be/nl/sites/all/themes/anchor/img/team1.jpg]
[www.hoeve-oswald.be/nl/sites/all/themes/anchor/img/team3.jpg]
[www.hoeve-oswald.be/nl/sites/all/themes/anchor/img/team4.jpg]
[www.hoeve-oswald.be/nl/sites/all/themes/anchor/img/team2.jpg]
[www.hoeve-oswald.be/nl/sites/all/themes/anchor/img/pricing.jpg]
[www.hoeve-oswald.be/sites/all/themes/anchor/img/blog.jpg]
[www.hoeve-oswald.be/sites/all/themes/anchor/rgba6666.png]
[www.hoeve-oswald.be/sites/default/files/css/css_mkSoyijoT-KdszRWExQI9X7CqmX8_Fujw5s7pzuNciA.css]
[www.hoeve-oswald.be/sites/default/files/images/verblijf.jpg]
[www.hoeve-oswald.be/nl/grondplannen.html]
[www.hoeve-oswald.be/sites/default/files/images/verblijf-gelijkvloers-01.jpg]
[www.hoeve-oswald.be/sites/default/files/images/verblijf-gelijkvloers-02.jpg]
[www.hoeve-oswald.be/sites/default/files/images/verblijf-gelijkvloers-05.jpg]
[www.hoeve-oswald.be/sites/default/files/images/verblijf-gelijkvloers-06.jpg]
[www.hoeve-oswald.be/sites/default/files/images/verblijf-gelijkvloers-07.jpg]
[www.hoeve-oswald.be/sites/default/files/images/verblijf-gelijkvloers-08.jpg]
[www.hoeve-oswald.be/sites/default/files/images/verblijf-gelijkvloers-09.jpg]
[www.hoeve-oswald.be/sites/default/files/images/verblijf-gelijkvloers-10.png]
[www.hoeve-oswald.be/sites/default/files/images/verblijf-verdieping-01.jpg]
[www.hoeve-oswald.be/sites/default/files/images/verblijf-verdieping-02.jpg]
[www.hoeve-oswald.be/sites/default/files/images/verblijf-verdieping-03.jpg]
[www.hoeve-oswald.be/sites/default/files/images/verblijf-verdieping-04.jpg]
[www.hoeve-oswald.be/sites/default/files/images/verblijf-verdieping-05.jpg]
[www.hoeve-oswald.be/sites/default/files/images/verblijf-verdieping-06.jpg]
[www.hoeve-oswald.be/sites/default/files/images/verblijf-verdieping-07.jpg]
[www.hoeve-oswald.be/sites/default/files/images/verblijf-verdieping-08.jpg]
[www.hoeve-oswald.be/sites/default/files/images/verblijf-verdieping-09.jpg]
[www.hoeve-oswald.be/sites/default/files/images/verblijf-verdieping-10.png]
[www.hoeve-oswald.be/sites/default/files/images/verblijf-toegankelijkheid-01.jpg]
[www.hoeve-oswald.be/sites/default/files/images/verblijf-toegankelijkheid-02.jpg]
[www.hoeve-oswald.be/sites/default/files/images/verblijf-toegankelijkheid-03.jpg]
[www.hoeve-oswald.be/sites/default/files/images/verblijf-toegankelijkheid-04.jpg]
[www.hoeve-oswald.be/sites/default/files/images/verblijf-duurzaam-warmtepomp.jpg]
[www.hoeve-oswald.be/sites/default/files/images/verblijf-duurzaam-zonnepanelen.jpg]
[www.hoeve-oswald.be/sites/default/files/images/verblijf-tuin-01.jpg]
[www.hoeve-oswald.be/sites/default/files/images/verblijf-tuin-02.jpg]
[www.hoeve-oswald.be/sites/default/files/images/verblijf-tuin-03.jpg]
[www.hoeve-oswald.be/sites/default/files/images/verblijf-tuin-04.jpg]
[www.hoeve-oswald.be/sites/default/files/images/verblijf-tuin-05.jpg]
[www.hoeve-oswald.be/sites/default/files/images/verblijf-tuin-06.jpg]
[www.hoeve-oswald.be/sites/default/files/images/verblijf-tuin-07.jpg]
[www.hoeve-oswald.be/sites/default/files/images/verblijf-tuin-08.jpg]
[www.hoeve-oswald.be/sites/default/files/images/verblijf-tuin-09.jpg]
[www.hoeve-oswald.be/sites/default/files/images/verblijf-omgeving-01.jpg]
[www.hoeve-oswald.be/sites/default/files/images/verblijf-omgeving-02.jpg]
[www.hoeve-oswald.be/sites/default/files/images/verblijf-omgeving-03.jpg]
[www.hoeve-oswald.be/sites/default/files/images/verblijf-omgeving-04.jpg]
[www.hoeve-oswald.be/sites/default/files/images/verblijf-omgeving-06.jpg]
[www.hoeve-oswald.be/sites/default/files/images/verblijf-omgeving-07.jpg]
[www.hoeve-oswald.be/sites/default/files/images/verblijf-omgeving-08.jpg]
[www.hoeve-oswald.be/nl/verblijf.html]
[www.hoeve-oswald.be/sites/default/files/images/activiteiten-genieten.jpg]
[www.hoeve-oswald.be/sites/default/files/images/activiteiten-wandelen.jpg]
[www.hoeve-oswald.be/sites/default/files/images/activiteiten-fietsen.jpg]
[www.hoeve-oswald.be/sites/default/files/images/activiteiten-kajakken.jpg]
[www.hoeve-oswald.be/sites/default/files/images/activiteiten-sportenspel.jpg]
[www.hoeve-oswald.be/nl/activiteiten.html]
[www.hoeve-oswald.be/sites/default/files/images/activiteiten-huifkartochten.jpg]
[www.hoeve-oswald.be/sites/default/files/images/diensten.jpg]
[www.hoeve-oswald.be/nl/www.fysiodynamics.be]
[www.hoeve-oswald.be/nl/diensten.html]
[www.hoeve-oswald.be/sites/default/files/css/css_cLykWwcxBW6FB6JeKRpnYY6eoLCVleX5qFYclWjpito.css]
[www.hoeve-oswald.be/sites/default/files/js/js_JdCHGKY61sov18duvws26MLznmncaBKie477Krn8BXA.js]
[www.hoeve-oswald.be/sites/default/files/js/js_q3NTiYtudZTt-7EwfwHO8P5LHqgFXvrO2vVLxFkRa0o.js]
[www.hoeve-oswald.be/sites/default/files/js/js_W5CLVIjsfKbPYhVwBtfsqvv9J2lo2bOjBzCJbWriWlU.js]
[www.hoeve-oswald.be/nl/prijzen.html]
[www.hoeve-oswald.be/nl/reserveren.html]
[www.hoeve-oswald.be/nl/kalender.html]
[www.hoeve-oswald.be/sites/default/files/css/css_g_r3iVlwI0Z9X2Efivv_xxUcQCP_04THvbux7Tp9Bi4.css]
[www.hoeve-oswald.be/sites/default/files/js/js_FKtucaJMHw9vj_HDNUCzkkWlev5nQR4453CEQJSjkrk.js]
[www.hoeve-oswald.be/sites/default/files/js/js_Z3nkEriLAWWU-QNSAK2spvgsBcsvhl47meWB2Vga5V8.js]
[www.hoeve-oswald.be/sites/default/files/js/js_rsGiM5M1ffe6EhN-RnhM5f3pDyJ8ZAPFJNKpfjtepLk.js]
[www.hoeve-oswald.be/sites/default/files/js/js_mxWskqMhFjLQS0wsuTNaDExa-0QRfp1OlrE2gu_ZtGo.js]
[www.hoeve-oswald.be/nl/contact.html]
[www.hoeve-oswald.be/sites/all/themes/anchor/font/fontawesome-webfont.svg]
[www.hoeve-oswald.be/sites/all/themes/anchor/font/flexslider-icon.svg]
[www.hoeve-oswald.be/nl/sites/all/themes/anchor/img/team1.html]
[www.hoeve-oswald.be/nl/sites/all/themes/anchor/img/team3.html]
[www.hoeve-oswald.be/nl/sites/all/themes/anchor/img/team4.html]
[www.hoeve-oswald.be/nl/sites/all/themes/anchor/img/team2.html]
[www.hoeve-oswald.be/nl/sites/all/themes/anchor/img/pricing.html]
[www.hoeve-oswald.be/sites/all/themes/anchor/img/arrow-down.svg]
[www.hoeve-oswald.be/sites/default/files/images/verdiep-1.png]
[www.hoeve-oswald.be/sites/default/files/images/verdiep-2.png]
[www.hoeve-oswald.be/nl/grondplannen.html]
[www.hoeve-oswald.be/nl/www.fysiodynamics.html]
[www.hoeve-oswald.be/sites/all/modules/jquery_update/replace/ui/themes/base/minified/images/ui-bg_flat_75_ffffff_40x100.png]
[www.hoeve-oswald.be/sites/all/modules/jquery_update/replace/ui/themes/base/minified/images/ui-bg_highlight-soft_75_cccccc_1x100.png]
[www.hoeve-oswald.be/sites/all/modules/jquery_update/replace/ui/themes/base/minified/images/ui-bg_glass_75_e6e6e6_1x400.png]
[www.hoeve-oswald.be/sites/all/modules/jquery_update/replace/ui/themes/base/minified/images/ui-bg_glass_75_dadada_1x400.png]
[www.hoeve-oswald.be/sites/all/modules/jquery_update/replace/ui/themes/base/minified/images/ui-bg_glass_65_ffffff_1x400.png]
[www.hoeve-oswald.be/sites/all/modules/jquery_update/replace/ui/themes/base/minified/images/ui-bg_glass_55_fbf9ee_1x400.png]
[www.hoeve-oswald.be/sites/all/modules/jquery_update/replace/ui/themes/base/minified/images/ui-bg_glass_95_fef1ec_1x400.png]
[www.hoeve-oswald.be/sites/all/modules/jquery_update/replace/ui/themes/base/minified/images/ui-icons_222222_256x240.png]
[www.hoeve-oswald.be/sites/all/modules/jquery_update/replace/ui/themes/base/minified/images/ui-icons_888888_256x240.png]
[www.hoeve-oswald.be/sites/all/modules/jquery_update/replace/ui/themes/base/minified/images/ui-icons_454545_256x240.png]
[www.hoeve-oswald.be/sites/all/modules/jquery_update/replace/ui/themes/base/minified/images/ui-icons_2e83ff_256x240.png]
[www.hoeve-oswald.be/sites/all/modules/jquery_update/replace/ui/themes/base/minified/images/ui-icons_cd0a0a_256x240.png]
[www.hoeve-oswald.be/sites/all/modules/jquery_update/replace/ui/themes/base/minified/images/ui-bg_flat_0_aaaaaa_40x100.png]
[www.hoeve-oswald.be/sites/default/files/css/css_cLykWwcxBW6FB6JeKRpnYY6eoLCVleX5qFYclWjpito.css]
[www.hoeve-oswald.be/nl/prijzen.html]
[www.hoeve-oswald.be/nl/kalender.html]
[www.hoeve-oswald.be/sites/default/files/css/css_g_r3iVlwI0Z9X2Efivv_xxUcQCP_04THvbux7Tp9Bi4.css]
